// Jest Snapshot v1, https://goo.gl/fbAQLP

exports[`WeatherContainer should match the snapshot 1`] = `
<div>
  <h1>
    31
    ° and 
    Partly Cloudy
     in 
    Denver, CO
  </h1>
  <div
    className="snow"
  />
  <p>
    Feels like: 
    21
    °
  </p>
  <p>
    Low: 
    19
    °
  </p>
  <p>
    High: 
    37
    °
  </p>
  <p>
    Sunrise: 
    6:56 AM
  </p>
  <p>
    Sunset: 
    5:17 PM
  </p>
  <p>
    Chance of 
    snow
    : 
    51%
  </p>
  <p>
    Wind: 
    3 mph WNW
  </p>
  <p>
    Humidity: 
    66%
  </p>
  <Graph
    data={
      Array [
        Object {
          "data": Array [
            Object {
              "x": "7:00 PM",
              "y": 37,
            },
            Object {
              "x": "8:00 PM",
              "y": 33,
            },
            Object {
              "x": "9:00 PM",
              "y": 31,
            },
            Object {
              "x": "10:00 PM",
              "y": 29,
            },
          ],
          "id": "",
        },
      ]
    }
    high={37}
    low={19}
  />
  <ForecastBar
    day="Sun"
    high={42}
    humidity="51%"
    icon="partly-cloudy-day"
    key="0"
    low={23}
    max={42}
    min={19}
    precipProbability="4%"
    precipType="snow"
    summary="Partly cloudy until afternoon."
    sunrise="6:31 AM"
    sunset="5:24 PM"
    wind="5 mph SSE"
  />
</div>
`;
